Exception caught in Millard2012EquilibriumMuscle::calcMuscleDynamicsInfo from DELT3
Exception caught in Millard2012EquilibriumMuscle::calcFiberVelocityInfo from DELT3
DELT3 Fiber velocity Newton method did not converge
	Thrown at Millard2012EquilibriumMuscle.cpp:1067 in calcFiberVelocityInfo().
Exception caught in Millard2012EquilibriumMuscle::calcMuscleDynamicsInfo from DELT3
Exception caught in Millard2012EquilibriumMuscle::calcFiberVelocityInfo from DELT3
DELT3 Fiber velocity Newton method did not converge
	Thrown at Millard2012EquilibriumMuscle.cpp:1067 in calcFiberVelocityInfo().
Exception caught in Millard2012EquilibriumMuscle::calcMuscleDynamicsInfo from DELT3
Exception caught in Millard2012EquilibriumMuscle::calcFiberVelocityInfo from DELT3
DELT3 Fiber velocity Newton method did not converge
	Thrown at Millard2012EquilibriumMuscle.cpp:1067 in calcFiberVelocityInfo().
batch-search processed=25 usable=16 failed=9
Exception caught in Millard2012EquilibriumMuscle::calcMuscleDynamicsInfo from DELT3
Exception caught in Millard2012EquilibriumMuscle::calcFiberVelocityInfo from DELT3
DELT3 Fiber velocity Newton method did not converge
	Thrown at Millard2012EquilibriumMuscle.cpp:1067 in calcFiberVelocityInfo().
batch-search processed=50 usable=37 failed=13
batch-search processed=75 usable=55 failed=20
Exception caught in Millard2012EquilibriumMuscle::calcMuscleDynamicsInfo from DELT3
Exception caught in Millard2012EquilibriumMuscle::calcFiberVelocityInfo from DELT3
DELT3 Fiber velocity Newton method did not converge
	Thrown at Millard2012EquilibriumMuscle.cpp:1067 in calcFiberVelocityInfo().
Exception caught in Millard2012EquilibriumMuscle::calcMuscleDynamicsInfo from DELT3
Exception caught in Millard2012EquilibriumMuscle::calcFiberVelocityInfo from DELT3
DELT3 Fiber velocity Newton method did not converge
	Thrown at Millard2012EquilibriumMuscle.cpp:1067 in calcFiberVelocityInfo().
batch-search processed=100 usable=74 failed=26
Exception caught in Millard2012EquilibriumMuscle::calcMuscleDynamicsInfo from DELT3
Exception caught in Millard2012EquilibriumMuscle::calcFiberVelocityInfo from DELT3
DELT3 Fiber velocity Newton method did not converge
	Thrown at Millard2012EquilibriumMuscle.cpp:1067 in calcFiberVelocityInfo().
batch-search processed=125 usable=92 failed=33
batch-search processed=150 usable=112 failed=38
batch-search processed=175 usable=130 failed=45
Exception caught in Millard2012EquilibriumMuscle::calcMuscleDynamicsInfo from DELT3
Exception caught in Millard2012EquilibriumMuscle::calcFiberVelocityInfo from DELT3
DELT3 Fiber velocity Newton method did not converge
	Thrown at Millard2012EquilibriumMuscle.cpp:1067 in calcFiberVelocityInfo().
batch-search processed=200 usable=147 failed=53
batch-search processed=225 usable=166 failed=59
Exception caught in Millard2012EquilibriumMuscle::calcMuscleDynamicsInfo from DELT3
Exception caught in Millard2012EquilibriumMuscle::calcFiberVelocityInfo from DELT3
DELT3 Fiber velocity Newton method did not converge
	Thrown at Millard2012EquilibriumMuscle.cpp:1067 in calcFiberVelocityInfo().
batch-search processed=250 usable=184 failed=66
Exception caught in Millard2012EquilibriumMuscle::calcMuscleDynamicsInfo from DELT3
Exception caught in Millard2012EquilibriumMuscle::calcFiberVelocityInfo from DELT3
DELT3 Fiber velocity Newton method did not converge
	Thrown at Millard2012EquilibriumMuscle.cpp:1067 in calcFiberVelocityInfo().
batch-search processed=275 usable=203 failed=72
Exception caught in Millard2012EquilibriumMuscle::calcMuscleDynamicsInfo from DELT3
Exception caught in Millard2012EquilibriumMuscle::calcFiberVelocityInfo from DELT3
DELT3 Fiber velocity Newton method did not converge
	Thrown at Millard2012EquilibriumMuscle.cpp:1067 in calcFiberVelocityInfo().
batch-search processed=300 usable=220 failed=80
batch-search processed=325 usable=239 failed=86
Exception caught in Millard2012EquilibriumMuscle::calcMuscleDynamicsInfo from DELT3
Exception caught in Millard2012EquilibriumMuscle::calcFiberVelocityInfo from DELT3
DELT3 Fiber velocity Newton method did not converge
	Thrown at Millard2012EquilibriumMuscle.cpp:1067 in calcFiberVelocityInfo().
batch-search processed=350 usable=256 failed=94
batch-search processed=375 usable=275 failed=100
batch-search processed=400 usable=293 failed=107
batch-search processed=425 usable=313 failed=112
batch-search processed=450 usable=332 failed=118
batch-search processed=475 usable=351 failed=124
Exception caught in Millard2012EquilibriumMuscle::calcMuscleDynamicsInfo from DELT3
Exception caught in Millard2012EquilibriumMuscle::calcFiberVelocityInfo from DELT3
DELT3 Fiber velocity Newton method did not converge
	Thrown at Millard2012EquilibriumMuscle.cpp:1067 in calcFiberVelocityInfo().
batch-search processed=500 usable=369 failed=131
