Welcome to the CBC MILP Solver 
Version: 2.10.5 
Build Date: Oct 15 2020 

command line - cbc /workspace/search/runs/capacity-refinement-352/minimum-combined-noiseless-equivalence/minimum_capacity_panel.lp -seconds 300 -ratio 0 -solve -solution /workspace/search/runs/capacity-refinement-352/minimum-combined-noiseless-equivalence/minimum_capacity_panel.solution.txt (default strategy 1)
seconds was changed from 1e+100 to 300
ratioGap was changed from 0 to 0
Continuous objective value is 5.54795 - 0.02 seconds
Cgl0004I processed model has 91 rows, 80 columns (80 integer (48 of which binary)) and 1327 elements
Cutoff increment increased from 1e-05 to 0.9999
Cbc0038I Initial state - 21 integers unsatisfied sum - 5.39726
Cbc0038I Pass   1: suminf.    5.91667 (16) obj. 10.0833 iterations 35
Cbc0038I Solution found of 10.0833
Cbc0038I Branch and bound needed to clear up 16 general integers
Cbc0038I Full problem 91 rows 80 columns, reduced to 67 rows 31 columns
Cbc0038I Cleaned solution of 10
Cbc0038I Before mini branch and bound, 44 integers at bound fixed and 0 continuous
Cbc0038I Full problem 91 rows 80 columns, reduced to 90 rows 36 columns
Cbc0038I Mini branch and bound improved solution from 10 to 7 (0.13 seconds)
Cbc0038I Round again with cutoff of 5.95488
Cbc0038I Reduced cost fixing fixed 34 variables on major pass 2
Cbc0038I Pass   2: suminf.    4.95488 (17) obj. 5.95488 iterations 44
Cbc0038I Pass   3: suminf.    4.31581 (18) obj. 5.95488 iterations 9
Cbc0038I Pass   4: suminf.    5.95488 (13) obj. 5.95488 iterations 20
Cbc0038I Pass   5: suminf.    4.98372 (18) obj. 5.95488 iterations 15
Cbc0038I Pass   6: suminf.    4.07759 (18) obj. 5.95488 iterations 10
Cbc0038I Pass   7: suminf.    4.81467 (19) obj. 5.95488 iterations 23
Cbc0038I Pass   8: suminf.    4.09023 (19) obj. 5.95488 iterations 12
Cbc0038I Pass   9: suminf.    4.54512 (18) obj. 5.95488 iterations 8
Cbc0038I Pass  10: suminf.    5.54512 (14) obj. 5.95488 iterations 26
Cbc0038I Pass  11: suminf.    4.59023 (15) obj. 5.95488 iterations 18
Cbc0038I Pass  12: suminf.    4.95488 (17) obj. 5.95488 iterations 16
Cbc0038I Pass  13: suminf.    4.95488 (17) obj. 5.95488 iterations 13
Cbc0038I Pass  14: suminf.    4.63535 (16) obj. 5.95488 iterations 11
Cbc0038I Pass  15: suminf.    4.13535 (18) obj. 5.95488 iterations 9
Cbc0038I Pass  16: suminf.    4.19098 (17) obj. 5.95488 iterations 22
Cbc0038I Pass  17: suminf.    4.04512 (15) obj. 5.95488 iterations 9
Cbc0038I Pass  18: suminf.    5.95488 (19) obj. 5.95488 iterations 18
Cbc0038I Pass  19: suminf.    4.95488 (17) obj. 5.95488 iterations 14
Cbc0038I Pass  20: suminf.    4.63535 (16) obj. 5.95488 iterations 11
Cbc0038I Pass  21: suminf.    4.13535 (18) obj. 5.95488 iterations 9
Cbc0038I Pass  22: suminf.    4.19098 (17) obj. 5.95488 iterations 21
Cbc0038I Pass  23: suminf.    4.04512 (15) obj. 5.95488 iterations 9
Cbc0038I Pass  24: suminf.    5.95488 (19) obj. 5.95488 iterations 18
Cbc0038I Pass  25: suminf.    4.95488 (17) obj. 5.95488 iterations 16
Cbc0038I Pass  26: suminf.    4.63535 (16) obj. 5.95488 iterations 11
Cbc0038I Pass  27: suminf.    4.13535 (18) obj. 5.95488 iterations 9
Cbc0038I Pass  28: suminf.    4.19098 (17) obj. 5.95488 iterations 23
Cbc0038I Pass  29: suminf.    4.04512 (15) obj. 5.95488 iterations 9
Cbc0038I Pass  30: suminf.    5.95488 (19) obj. 5.95488 iterations 18
Cbc0038I Pass  31: suminf.    4.95488 (17) obj. 5.95488 iterations 13
Cbc0038I No solution found this major pass
Cbc0038I Before mini branch and bound, 49 integers at bound fixed and 0 continuous
Cbc0038I Full problem 91 rows 80 columns, reduced to 89 rows 31 columns
Cbc0038I Mini branch and bound did not improve solution (0.33 seconds)
Cbc0038I After 0.33 seconds - Feasibility pump exiting with objective of 7 - took 0.28 seconds
Cbc0012I Integer solution of 7 found by feasibility pump after 0 iterations and 0 nodes (0.33 seconds)
Cbc0038I Full problem 91 rows 80 columns, reduced to 88 rows 21 columns
Cbc0031I 5 added rows had average density of 24.2
Cbc0013I At root node, 32 cuts changed objective from 5.5479452 to 6.2345679 in 2 passes
Cbc0014I Cut generator 0 (Probing) - 0 row cuts average 0.0 elements, 1 column cuts (1 active)  in 0.000 seconds - new frequency is 1
Cbc0014I Cut generator 1 (Gomory) - 3 row cuts average 10.0 elements, 0 column cuts (0 active)  in 0.000 seconds - new frequency is -100
Cbc0014I Cut generator 2 (Knapsack) - 0 row cuts average 0.0 elements, 0 column cuts (0 active)  in 0.000 seconds - new frequency is -100
Cbc0014I Cut generator 3 (Clique) - 0 row cuts average 0.0 elements, 0 column cuts (0 active)  in 0.000 seconds - new frequency is -100
Cbc0014I Cut generator 4 (MixedIntegerRounding2) - 0 row cuts average 0.0 elements, 0 column cuts (0 active)  in 0.000 seconds - new frequency is -100
Cbc0014I Cut generator 5 (FlowCover) - 0 row cuts average 0.0 elements, 0 column cuts (0 active)  in 0.000 seconds - new frequency is -100
Cbc0014I Cut generator 6 (TwoMirCuts) - 61 row cuts average 37.4 elements, 0 column cuts (0 active)  in 0.000 seconds - new frequency is -100
Cbc0014I Cut generator 7 (ZeroHalf) - 6 row cuts average 17.8 elements, 0 column cuts (0 active)  in 0.001 seconds - new frequency is 1
Cbc0001I Search completed - best objective 7, took 23 iterations and 0 nodes (0.36 seconds)
Cbc0035I Maximum depth 0, 32 variables fixed on reduced cost
Cuts at root node changed objective from 5.54795 to 6.23457
Probing was tried 2 times and created 1 cuts of which 0 were active after adding rounds of cuts (0.000 seconds)
Gomory was tried 2 times and created 3 cuts of which 0 were active after adding rounds of cuts (0.000 seconds)
Knapsack was tried 2 times and created 0 cuts of which 0 were active after adding rounds of cuts (0.000 seconds)
Clique was tried 2 times and created 0 cuts of which 0 were active after adding rounds of cuts (0.000 seconds)
MixedIntegerRounding2 was tried 2 times and created 0 cuts of which 0 were active after adding rounds of cuts (0.000 seconds)
FlowCover was tried 2 times and created 0 cuts of which 0 were active after adding rounds of cuts (0.000 seconds)
TwoMirCuts was tried 2 times and created 61 cuts of which 0 were active after adding rounds of cuts (0.000 seconds)
ZeroHalf was tried 2 times and created 6 cuts of which 0 were active after adding rounds of cuts (0.001 seconds)

Result - Optimal solution found

Objective value:                7.00000000
Enumerated nodes:               0
Total iterations:               23
Time (CPU seconds):             0.36
Time (Wallclock seconds):       0.08

Total time (CPU seconds):       0.49   (Wallclock seconds):       0.13

