Welcome to the CBC MILP Solver 
Version: 2.10.5 
Build Date: Oct 15 2020 

command line - cbc /workspace/search/runs/capacity-moderate/minimum-noiseless/minimum_capacity_panel.lp -seconds 300 -ratio 0 -solve -solution /workspace/search/runs/capacity-moderate/minimum-noiseless/minimum_capacity_panel.solution.txt (default strategy 1)
seconds was changed from 1e+100 to 300
ratioGap was changed from 0 to 0
Continuous objective value is 0 - 0.00 seconds
Cgl0004I processed model has 0 rows, 0 columns (0 integer (0 of which binary)) and 0 elements
Cbc3007W No integer variables - nothing to do
Cuts at root node changed objective from 0 to -1.79769e+308
Probing was tried 0 times and created 0 cuts of which 0 were active after adding rounds of cuts (0.000 seconds)
Gomory was tried 0 times and created 0 cuts of which 0 were active after adding rounds of cuts (0.000 seconds)
Knapsack was tried 0 times and created 0 cuts of which 0 were active after adding rounds of cuts (0.000 seconds)
Clique was tried 0 times and created 0 cuts of which 0 were active after adding rounds of cuts (0.000 seconds)
MixedIntegerRounding2 was tried 0 times and created 0 cuts of which 0 were active after adding rounds of cuts (0.000 seconds)
FlowCover was tried 0 times and created 0 cuts of which 0 were active after adding rounds of cuts (0.000 seconds)
TwoMirCuts was tried 0 times and created 0 cuts of which 0 were active after adding rounds of cuts (0.000 seconds)
ZeroHalf was tried 0 times and created 0 cuts of which 0 were active after adding rounds of cuts (0.000 seconds)

Result - Optimal solution found

Objective value:                0.00000000
Enumerated nodes:               0
Total iterations:               0
Time (CPU seconds):             0.01
Time (Wallclock seconds):       0.00

Total time (CPU seconds):       0.31   (Wallclock seconds):       0.07

