Welcome to the CBC MILP Solver 
Version: 2.10.5 
Build Date: Oct 15 2020 

command line - cbc /workspace/search/runs/atlas-4096/minimum-one-error/minimum_panel.lp -seconds 300 -ratio 0 -solve -solution /workspace/search/runs/atlas-4096/minimum-one-error/minimum_panel.solution.txt (default strategy 1)
seconds was changed from 1e+100 to 300
ratioGap was changed from 0 to 0
Continuous objective value is 14.2456 - 0.04 seconds
Cgl0004I processed model has 120 rows, 499 columns (499 integer (358 of which binary)) and 10293 elements
Cutoff increment increased from 1e-05 to 0.9999
Cbc0038I Initial state - 36 integers unsatisfied sum - 9.16934
Cbc0038I Pass   1: suminf.    5.08333 (17) obj. 19.0833 iterations 65
Cbc0038I Solution found of 19.0833
Cbc0038I Branch and bound needed to clear up 17 general integers
Cbc0038I Full problem 120 rows 499 columns, reduced to 70 rows 121 columns
Cbc0038I Cleaned solution of 19
Cbc0038I Before mini branch and bound, 446 integers at bound fixed and 0 continuous
Cbc0038I Full problem 120 rows 499 columns, reduced to 120 rows 53 columns
Cbc0038I Mini branch and bound improved solution from 19 to 16 (0.36 seconds)
Cbc0038I Round again with cutoff of 14.9247
Cbc0038I Reduced cost fixing fixed 135 variables on major pass 2
Cbc0038I Pass   2: suminf.    6.48303 (29) obj. 14.9247 iterations 94
Cbc0038I Pass   3: suminf.    6.57917 (28) obj. 14.9247 iterations 8
Cbc0038I Pass   4: suminf.    7.09226 (24) obj. 14.9247 iterations 46
Cbc0038I Pass   5: suminf.    5.81755 (24) obj. 14.9247 iterations 25
Cbc0038I Pass   6: suminf.    5.91248 (27) obj. 14.9247 iterations 8
Cbc0038I Pass   7: suminf.    5.81435 (22) obj. 14.9247 iterations 29
Cbc0038I Pass   8: suminf.    5.09642 (24) obj. 14.9247 iterations 21
Cbc0038I Pass   9: suminf.    5.03572 (22) obj. 14.9247 iterations 14
Cbc0038I Pass  10: suminf.    6.27355 (24) obj. 14.9247 iterations 35
Cbc0038I Pass  11: suminf.    5.09219 (22) obj. 14.9247 iterations 23
Cbc0038I Pass  12: suminf.    4.76025 (22) obj. 14.9247 iterations 8
Cbc0038I Pass  13: suminf.    6.18795 (27) obj. 14.9247 iterations 45
Cbc0038I Pass  14: suminf.    5.01308 (24) obj. 14.9247 iterations 21
Cbc0038I Pass  15: suminf.    4.70793 (22) obj. 14.9247 iterations 12
Cbc0038I Pass  16: suminf.    4.29500 (22) obj. 14.9247 iterations 19
Cbc0038I Pass  17: suminf.    3.57369 (25) obj. 14.9247 iterations 16
Cbc0038I Pass  18: suminf.    3.29623 (25) obj. 14.9247 iterations 9
Cbc0038I Pass  19: suminf.    6.60719 (29) obj. 14.9247 iterations 48
Cbc0038I Pass  20: suminf.    6.68776 (26) obj. 14.9247 iterations 13
Cbc0038I Pass  21: suminf.    6.67104 (29) obj. 14.9247 iterations 7
Cbc0038I Pass  22: suminf.    7.25239 (31) obj. 14.9247 iterations 59
Cbc0038I Pass  23: suminf.    6.99881 (30) obj. 14.9247 iterations 14
Cbc0038I Pass  24: suminf.    5.79107 (29) obj. 14.9247 iterations 13
Cbc0038I Pass  25: suminf.    5.64330 (29) obj. 14.9247 iterations 14
Cbc0038I Pass  26: suminf.    7.26210 (25) obj. 14.9247 iterations 47
Cbc0038I Pass  27: suminf.    6.25373 (24) obj. 14.9247 iterations 24
Cbc0038I Pass  28: suminf.    6.30125 (26) obj. 14.9247 iterations 45
Cbc0038I Pass  29: suminf.    5.73033 (25) obj. 14.9247 iterations 23
Cbc0038I Pass  30: suminf.    5.66672 (25) obj. 14.9247 iterations 4
Cbc0038I Pass  31: suminf.    6.25207 (21) obj. 14.9247 iterations 45
Cbc0038I No solution found this major pass
Cbc0038I Before mini branch and bound, 418 integers at bound fixed and 0 continuous
Cbc0038I Full problem 120 rows 499 columns, reduced to 120 rows 81 columns
Cbc0038I Mini branch and bound did not improve solution (0.43 seconds)
Cbc0038I After 0.43 seconds - Feasibility pump exiting with objective of 16 - took 0.32 seconds
Cbc0012I Integer solution of 16 found by feasibility pump after 0 iterations and 0 nodes (0.43 seconds)
Cbc0038I Full problem 120 rows 499 columns, reduced to 120 rows 36 columns
Cbc0031I 13 added rows had average density of 331.53846
Cbc0013I At root node, 13 cuts changed objective from 14.245645 to 14.451181 in 13 passes
Cbc0014I Cut generator 0 (Probing) - 0 row cuts average 0.0 elements, 0 column cuts (0 active)  in 0.004 seconds - new frequency is -100
Cbc0014I Cut generator 1 (Gomory) - 1 row cuts average 120.0 elements, 0 column cuts (0 active)  in 0.010 seconds - new frequency is -100
Cbc0014I Cut generator 2 (Knapsack) - 0 row cuts average 0.0 elements, 0 column cuts (0 active)  in 0.001 seconds - new frequency is -100
Cbc0014I Cut generator 3 (Clique) - 0 row cuts average 0.0 elements, 0 column cuts (0 active)  in 0.000 seconds - new frequency is -100
Cbc0014I Cut generator 4 (MixedIntegerRounding2) - 0 row cuts average 0.0 elements, 0 column cuts (0 active)  in 0.019 seconds - new frequency is -100
Cbc0014I Cut generator 5 (FlowCover) - 0 row cuts average 0.0 elements, 0 column cuts (0 active)  in 0.008 seconds - new frequency is -100
Cbc0014I Cut generator 6 (TwoMirCuts) - 204 row cuts average 361.8 elements, 0 column cuts (0 active)  in 0.031 seconds - new frequency is 1
Cbc0010I After 0 nodes, 1 on tree, 16 best solution, best possible 14.451181 (0.56 seconds)
Cbc0001I Search completed - best objective 16, took 1775 iterations and 36 nodes (0.71 seconds)
Cbc0032I Strong branching done 696 times (12854 iterations), fathomed 8 nodes and fixed 22 variables
Cbc0035I Maximum depth 8, 1465 variables fixed on reduced cost
Cuts at root node changed objective from 14.2456 to 14.4512
Probing was tried 13 times and created 0 cuts of which 0 were active after adding rounds of cuts (0.004 seconds)
Gomory was tried 13 times and created 1 cuts of which 0 were active after adding rounds of cuts (0.010 seconds)
Knapsack was tried 13 times and created 0 cuts of which 0 were active after adding rounds of cuts (0.001 seconds)
Clique was tried 13 times and created 0 cuts of which 0 were active after adding rounds of cuts (0.000 seconds)
MixedIntegerRounding2 was tried 13 times and created 0 cuts of which 0 were active after adding rounds of cuts (0.019 seconds)
FlowCover was tried 13 times and created 0 cuts of which 0 were active after adding rounds of cuts (0.008 seconds)
TwoMirCuts was tried 37 times and created 204 cuts of which 0 were active after adding rounds of cuts (0.036 seconds)
ZeroHalf was tried 1 times and created 0 cuts of which 0 were active after adding rounds of cuts (0.001 seconds)

Result - Optimal solution found

Objective value:                16.00000000
Enumerated nodes:               36
Total iterations:               1775
Time (CPU seconds):             0.71
Time (Wallclock seconds):       0.44

Total time (CPU seconds):       0.85   (Wallclock seconds):       0.50

