Welcome to the CBC MILP Solver 
Version: 2.10.5 
Build Date: Oct 15 2020 

command line - cbc /workspace/search/runs/capacity-refinement-352/minimum-combined-one-error-equivalence/minimum_capacity_panel.lp -seconds 300 -ratio 0 -solve -solution /workspace/search/runs/capacity-refinement-352/minimum-combined-one-error-equivalence/minimum_capacity_panel.solution.txt (default strategy 1)
seconds was changed from 1e+100 to 300
ratioGap was changed from 0 to 0
Continuous objective value is 16.7059 - 0.00 seconds
Cgl0004I processed model has 91 rows, 80 columns (80 integer (48 of which binary)) and 1327 elements
Cutoff increment increased from 1e-05 to 0.9999
Cbc0038I Initial state - 14 integers unsatisfied sum - 5
Cbc0038I Pass   1: suminf.    2.50000 (5) obj. 18.5 iterations 16
Cbc0038I Solution found of 18.5
Cbc0038I Branch and bound needed to clear up 5 general integers
Cbc0038I Full problem 91 rows 80 columns, reduced to 18 rows 24 columns
Cbc0038I Cleaned solution of 19
Cbc0038I Rounding solution of 18 is better than previous of 19

Cbc0038I Before mini branch and bound, 63 integers at bound fixed and 0 continuous
Cbc0038I Full problem 91 rows 80 columns, reduced to 46 rows 16 columns
Cbc0038I Mini branch and bound did not improve solution (0.05 seconds)
Cbc0038I Round again with cutoff of 16.9707
Cbc0038I Reduced cost fixing fixed 42 variables on major pass 2
Cbc0038I Pass   2: suminf.    3.10751 (13) obj. 16.9707 iterations 19
Cbc0038I Pass   3: suminf.    2.56842 (13) obj. 16.9707 iterations 5
Cbc0038I Pass   4: suminf.    3.48534 (13) obj. 16.9707 iterations 17
Cbc0038I Pass   5: suminf.    2.91203 (12) obj. 16.9707 iterations 1
Cbc0038I Pass   6: suminf.    3.71554 (12) obj. 16.9707 iterations 8
Cbc0038I Pass   7: suminf.    3.16616 (14) obj. 16.9707 iterations 5
Cbc0038I Pass   8: suminf.    3.20525 (12) obj. 16.9707 iterations 4
Cbc0038I Pass   9: suminf.    4.91203 (14) obj. 16.9707 iterations 14
Cbc0038I Pass  10: suminf.    3.19548 (13) obj. 16.9707 iterations 8
Cbc0038I Pass  11: suminf.    3.10751 (12) obj. 16.9707 iterations 2
Cbc0038I Pass  12: suminf.    3.79271 (14) obj. 16.9707 iterations 13
Cbc0038I Pass  13: suminf.    3.48534 (13) obj. 16.9707 iterations 3
Cbc0038I Pass  14: suminf.    2.91203 (12) obj. 16.9707 iterations 1
Cbc0038I Pass  15: suminf.    3.71554 (12) obj. 16.9707 iterations 9
Cbc0038I Pass  16: suminf.    3.16616 (14) obj. 16.9707 iterations 5
Cbc0038I Pass  17: suminf.    3.20525 (12) obj. 16.9707 iterations 4
Cbc0038I Pass  18: suminf.    4.91203 (14) obj. 16.9707 iterations 14
Cbc0038I Pass  19: suminf.    3.19548 (13) obj. 16.9707 iterations 8
Cbc0038I Pass  20: suminf.    3.10751 (12) obj. 16.9707 iterations 2
Cbc0038I Pass  21: suminf.    3.79271 (14) obj. 16.9707 iterations 14
Cbc0038I Pass  22: suminf.    3.48534 (13) obj. 16.9707 iterations 3
Cbc0038I Pass  23: suminf.    2.91203 (12) obj. 16.9707 iterations 1
Cbc0038I Pass  24: suminf.    3.71554 (12) obj. 16.9707 iterations 9
Cbc0038I Pass  25: suminf.    3.16616 (14) obj. 16.9707 iterations 5
Cbc0038I Pass  26: suminf.    3.20525 (12) obj. 16.9707 iterations 4
Cbc0038I Pass  27: suminf.    4.91203 (14) obj. 16.9707 iterations 14
Cbc0038I Pass  28: suminf.    3.19548 (13) obj. 16.9707 iterations 8
Cbc0038I Pass  29: suminf.    3.10751 (12) obj. 16.9707 iterations 2
Cbc0038I Pass  30: suminf.    3.79271 (14) obj. 16.9707 iterations 13
Cbc0038I Pass  31: suminf.    3.48534 (13) obj. 16.9707 iterations 2
Cbc0038I No solution found this major pass
Cbc0038I Before mini branch and bound, 59 integers at bound fixed and 0 continuous
Cbc0038I Full problem 91 rows 80 columns, reduced to 53 rows 21 columns
Cbc0038I Mini branch and bound did not improve solution (0.55 seconds)
Cbc0038I After 0.55 seconds - Feasibility pump exiting with objective of 18 - took 0.53 seconds
Cbc0012I Integer solution of 18 found by feasibility pump after 0 iterations and 0 nodes (0.55 seconds)
Cbc0038I Full problem 91 rows 80 columns, reduced to 46 rows 15 columns
Cbc0031I 5 added rows had average density of 23
Cbc0013I At root node, 23 cuts changed objective from 16.705882 to 17.050589 in 3 passes
Cbc0014I Cut generator 0 (Probing) - 0 row cuts average 0.0 elements, 4 column cuts (4 active)  in 0.000 seconds - new frequency is 1
Cbc0014I Cut generator 1 (Gomory) - 1 row cuts average 15.0 elements, 0 column cuts (0 active)  in 0.000 seconds - new frequency is -100
Cbc0014I Cut generator 2 (Knapsack) - 0 row cuts average 0.0 elements, 0 column cuts (0 active)  in 0.000 seconds - new frequency is -100
Cbc0014I Cut generator 3 (Clique) - 0 row cuts average 0.0 elements, 0 column cuts (0 active)  in 0.000 seconds - new frequency is -100
Cbc0014I Cut generator 4 (MixedIntegerRounding2) - 0 row cuts average 0.0 elements, 0 column cuts (0 active)  in 0.000 seconds - new frequency is -100
Cbc0014I Cut generator 5 (FlowCover) - 0 row cuts average 0.0 elements, 0 column cuts (0 active)  in 0.000 seconds - new frequency is -100
Cbc0014I Cut generator 6 (TwoMirCuts) - 50 row cuts average 26.8 elements, 0 column cuts (0 active)  in 0.001 seconds - new frequency is -100
Cbc0014I Cut generator 7 (ZeroHalf) - 1 row cuts average 13.0 elements, 0 column cuts (0 active)  in 0.000 seconds - new frequency is -100
Cbc0001I Search completed - best objective 18, took 7 iterations and 0 nodes (0.56 seconds)
Cbc0035I Maximum depth 0, 30 variables fixed on reduced cost
Cuts at root node changed objective from 16.7059 to 17.0506
Probing was tried 3 times and created 4 cuts of which 0 were active after adding rounds of cuts (0.000 seconds)
Gomory was tried 3 times and created 1 cuts of which 0 were active after adding rounds of cuts (0.000 seconds)
Knapsack was tried 3 times and created 0 cuts of which 0 were active after adding rounds of cuts (0.000 seconds)
Clique was tried 3 times and created 0 cuts of which 0 were active after adding rounds of cuts (0.000 seconds)
MixedIntegerRounding2 was tried 3 times and created 0 cuts of which 0 were active after adding rounds of cuts (0.000 seconds)
FlowCover was tried 3 times and created 0 cuts of which 0 were active after adding rounds of cuts (0.000 seconds)
TwoMirCuts was tried 3 times and created 50 cuts of which 0 were active after adding rounds of cuts (0.001 seconds)
ZeroHalf was tried 1 times and created 1 cuts of which 0 were active after adding rounds of cuts (0.000 seconds)

Result - Optimal solution found

Objective value:                18.00000000
Enumerated nodes:               0
Total iterations:               7
Time (CPU seconds):             0.56
Time (Wallclock seconds):       0.16

Total time (CPU seconds):       0.71   (Wallclock seconds):       0.21

