Determining if the function sgemm_ exists failed with the following output:
Change Dir: /workspace/build/CMakeFiles/CMakeTmp

Run Build Command(s):/usr/bin/ninja cmTC_add33 && [1/2] Building CXX object CMakeFiles/cmTC_add33.dir/CheckFunctionExists.cxx.o
[2/2] Linking CXX executable cmTC_add33
FAILED: cmTC_add33 
: && /usr/bin/c++ -DCHECK_FUNCTION_EXISTS=sgemm_  CMakeFiles/cmTC_add33.dir/CheckFunctionExists.cxx.o -o cmTC_add33   && :
/usr/bin/ld: CMakeFiles/cmTC_add33.dir/CheckFunctionExists.cxx.o: in function `main':
CheckFunctionExists.cxx:(.text+0x10): undefined reference to `sgemm_'
collect2: error: ld returned 1 exit status
ninja: build stopped: subcommand failed.



Performing C++ SOURCE FILE Test CMAKE_HAVE_LIBC_PTHREAD failed with the following output:
Change Dir: /workspace/build/CMakeFiles/CMakeTmp

Run Build Command(s):/usr/bin/ninja cmTC_a32dc && [1/2] Building CXX object CMakeFiles/cmTC_a32dc.dir/src.cxx.o
[2/2] Linking CXX executable cmTC_a32dc
FAILED: cmTC_a32dc 
: && /usr/bin/c++   CMakeFiles/cmTC_a32dc.dir/src.cxx.o -o cmTC_a32dc   && :
/usr/bin/ld: CMakeFiles/cmTC_a32dc.dir/src.cxx.o: in function `main':
src.cxx:(.text+0x2f): undefined reference to `pthread_create'
/usr/bin/ld: src.cxx:(.text+0x3b): undefined reference to `pthread_detach'
/usr/bin/ld: src.cxx:(.text+0x47): undefined reference to `pthread_cancel'
/usr/bin/ld: src.cxx:(.text+0x58): undefined reference to `pthread_join'
collect2: error: ld returned 1 exit status
ninja: build stopped: subcommand failed.


Source file was:
#include <pthread.h>

static void* test_func(void* data)
{
  return data;
}

int main(void)
{
  pthread_t thread;
  pthread_create(&thread, NULL, test_func, NULL);
  pthread_detach(thread);
  pthread_cancel(thread);
  pthread_join(thread, NULL);
  pthread_atfork(NULL, NULL, NULL);
  pthread_exit(NULL);

  return 0;
}

Determining if the function pthread_create exists in the pthreads failed with the following output:
Change Dir: /workspace/build/CMakeFiles/CMakeTmp

Run Build Command(s):/usr/bin/ninja cmTC_6f015 && [1/2] Building CXX object CMakeFiles/cmTC_6f015.dir/CheckFunctionExists.cxx.o
[2/2] Linking CXX executable cmTC_6f015
FAILED: cmTC_6f015 
: && /usr/bin/c++ -DCHECK_FUNCTION_EXISTS=pthread_create  CMakeFiles/cmTC_6f015.dir/CheckFunctionExists.cxx.o -o cmTC_6f015  -lpthreads && :
/usr/bin/ld: cannot find -lpthreads
collect2: error: ld returned 1 exit status
ninja: build stopped: subcommand failed.



