Welcome to the CBC MILP Solver 
Version: 2.10.5 
Build Date: Oct 15 2020 

command line - cbc /workspace/search/runs/capacity-targeted-114/minimum-scale-0-noiseless/minimum_capacity_panel.lp -seconds 300 -ratio 0 -solve -solution /workspace/search/runs/capacity-targeted-114/minimum-scale-0-noiseless/minimum_capacity_panel.solution.txt (default strategy 1)
seconds was changed from 1e+100 to 300
ratioGap was changed from 0 to 0
Continuous objective value is 9.5 - 0.01 seconds
Cgl0003I 0 fixed, 0 tightened bounds, 10 strengthened rows, 0 substitutions
Cgl0003I 0 fixed, 0 tightened bounds, 2 strengthened rows, 0 substitutions
Cgl0003I 0 fixed, 0 tightened bounds, 1 strengthened rows, 0 substitutions
Cgl0004I processed model has 52 rows, 26 columns (26 integer (20 of which binary)) and 268 elements
Cutoff increment increased from 1e-05 to 0.9999
Cbc0038I Initial state - 4 integers unsatisfied sum - 2
Cbc0038I Pass   1: suminf.    0.00000 (0) obj. 11 iterations 13
Cbc0038I Solution found of 11
Cbc0038I Cleaned solution of 11
Cbc0038I Before mini branch and bound, 20 integers at bound fixed and 0 continuous of which 2 were internal integer and 0 internal continuous
Cbc0038I Full problem 52 rows 26 columns, reduced to 6 rows 5 columns
Cbc0038I Mini branch and bound improved solution from 11 to 10 (0.03 seconds)
Cbc0038I After 0.03 seconds - Feasibility pump exiting with objective of 10 - took 0.01 seconds
Cbc0012I Integer solution of 10 found by feasibility pump after 0 iterations and 0 nodes (0.03 seconds)
Cbc0001I Search completed - best objective 10, took 0 iterations and 0 nodes (0.03 seconds)
Cbc0035I Maximum depth 0, 0 variables fixed on reduced cost
Cuts at root node changed objective from 10 to 10
Probing was tried 0 times and created 0 cuts of which 0 were active after adding rounds of cuts (0.000 seconds)
Gomory was tried 0 times and created 0 cuts of which 0 were active after adding rounds of cuts (0.000 seconds)
Knapsack was tried 0 times and created 0 cuts of which 0 were active after adding rounds of cuts (0.000 seconds)
Clique was tried 0 times and created 0 cuts of which 0 were active after adding rounds of cuts (0.000 seconds)
MixedIntegerRounding2 was tried 0 times and created 0 cuts of which 0 were active after adding rounds of cuts (0.000 seconds)
FlowCover was tried 0 times and created 0 cuts of which 0 were active after adding rounds of cuts (0.000 seconds)
TwoMirCuts was tried 0 times and created 0 cuts of which 0 were active after adding rounds of cuts (0.000 seconds)
ZeroHalf was tried 0 times and created 0 cuts of which 0 were active after adding rounds of cuts (0.000 seconds)

Result - Optimal solution found

Objective value:                10.00000000
Enumerated nodes:               0
Total iterations:               0
Time (CPU seconds):             0.04
Time (Wallclock seconds):       0.01

Total time (CPU seconds):       0.18   (Wallclock seconds):       0.04

