Welcome to the CBC MILP Solver 
Version: 2.10.5 
Build Date: Oct 15 2020 

command line - cbc /workspace/search/runs/atlas-4096/minimum-noiseless/minimum_panel.lp -seconds 300 -ratio 0 -solve -solution /workspace/search/runs/atlas-4096/minimum-noiseless/minimum_panel.solution.txt (default strategy 1)
seconds was changed from 1e+100 to 300
ratioGap was changed from 0 to 0
Continuous objective value is 5.1782 - 0.04 seconds
Cgl0004I processed model has 120 rows, 499 columns (499 integer (358 of which binary)) and 10293 elements
Cutoff increment increased from 1e-05 to 0.9999
Cbc0038I Initial state - 37 integers unsatisfied sum - 5.1782
Cbc0038I Pass   1: suminf.    7.00000 (19) obj. 11.5 iterations 79
Cbc0038I Solution found of 11.5
Cbc0038I Branch and bound needed to clear up 19 general integers
Cbc0038I Full problem 120 rows 499 columns, reduced to 84 rows 136 columns
Cbc0038I Cleaned solution of 10
Cbc0038I Before mini branch and bound, 443 integers at bound fixed and 0 continuous
Cbc0038I Full problem 120 rows 499 columns, reduced to 120 rows 56 columns
Cbc0038I Mini branch and bound improved solution from 10 to 7 (0.38 seconds)
Cbc0038I Round again with cutoff of 5.91791
Cbc0038I Reduced cost fixing fixed 90 variables on major pass 2
Cbc0038I Pass   2: suminf.    5.91791 (29) obj. 5.91791 iterations 77
Cbc0038I Pass   3: suminf.    5.71791 (21) obj. 5.91791 iterations 28
Cbc0038I Pass   4: suminf.    5.10714 (25) obj. 5.91791 iterations 30
Cbc0038I Pass   5: suminf.    5.80230 (20) obj. 5.91791 iterations 34
Cbc0038I Pass   6: suminf.    5.23448 (26) obj. 5.91791 iterations 33
Cbc0038I Pass   7: suminf.    4.91294 (21) obj. 5.91791 iterations 43
Cbc0038I Pass   8: suminf.    4.72834 (24) obj. 5.91791 iterations 19
Cbc0038I Pass   9: suminf.    5.08209 (15) obj. 5.91791 iterations 26
Cbc0038I Pass  10: suminf.    4.46352 (19) obj. 5.91791 iterations 14
Cbc0038I Pass  11: suminf.    5.20847 (27) obj. 5.91791 iterations 33
Cbc0038I Pass  12: suminf.    4.91541 (29) obj. 5.91791 iterations 23
Cbc0038I Pass  13: suminf.    4.60522 (26) obj. 5.91791 iterations 16
Cbc0038I Pass  14: suminf.    5.20404 (21) obj. 5.91791 iterations 36
Cbc0038I Pass  15: suminf.    4.15800 (24) obj. 5.91791 iterations 36
Cbc0038I Pass  16: suminf.    5.24395 (24) obj. 5.91791 iterations 47
Cbc0038I Pass  17: suminf.    4.61681 (26) obj. 5.91791 iterations 35
Cbc0038I Pass  18: suminf.    5.72146 (23) obj. 5.91791 iterations 41
Cbc0038I Pass  19: suminf.    4.89843 (29) obj. 5.91791 iterations 34
Cbc0038I Pass  20: suminf.    4.67489 (29) obj. 5.91791 iterations 12
Cbc0038I Pass  21: suminf.    4.87847 (24) obj. 5.91791 iterations 48
Cbc0038I Pass  22: suminf.    4.68392 (27) obj. 5.91791 iterations 32
Cbc0038I Pass  23: suminf.    5.74902 (21) obj. 5.91791 iterations 33
Cbc0038I Pass  24: suminf.    4.25965 (22) obj. 5.91791 iterations 24
Cbc0038I Pass  25: suminf.    4.33209 (22) obj. 5.91791 iterations 10
Cbc0038I Pass  26: suminf.    5.28651 (24) obj. 5.91791 iterations 41
Cbc0038I Pass  27: suminf.    4.76792 (28) obj. 5.91791 iterations 46
Cbc0038I Pass  28: suminf.    4.94729 (20) obj. 5.91791 iterations 39
Cbc0038I Pass  29: suminf.    4.36070 (18) obj. 5.91791 iterations 14
Cbc0038I Pass  30: suminf.    4.17597 (19) obj. 5.91791 iterations 9
Cbc0038I Pass  31: suminf.    5.80726 (23) obj. 5.91791 iterations 39
Cbc0038I No solution found this major pass
Cbc0038I Before mini branch and bound, 420 integers at bound fixed and 0 continuous
Cbc0038I Full problem 120 rows 499 columns, reduced to 120 rows 79 columns
Cbc0038I Mini branch and bound did not improve solution (0.43 seconds)
Cbc0038I After 0.43 seconds - Feasibility pump exiting with objective of 7 - took 0.30 seconds
Cbc0012I Integer solution of 7 found by feasibility pump after 0 iterations and 0 nodes (0.43 seconds)
Cbc0038I Full problem 120 rows 499 columns, reduced to 120 rows 37 columns
Cbc0031I 6 added rows had average density of 371.66667
Cbc0013I At root node, 6 cuts changed objective from 5.1781987 to 5.5049643 in 9 passes
Cbc0014I Cut generator 0 (Probing) - 0 row cuts average 0.0 elements, 0 column cuts (0 active)  in 0.003 seconds - new frequency is -100
Cbc0014I Cut generator 1 (Gomory) - 0 row cuts average 0.0 elements, 0 column cuts (0 active)  in 0.007 seconds - new frequency is -100
Cbc0014I Cut generator 2 (Knapsack) - 0 row cuts average 0.0 elements, 0 column cuts (0 active)  in 0.001 seconds - new frequency is -100
Cbc0014I Cut generator 3 (Clique) - 0 row cuts average 0.0 elements, 0 column cuts (0 active)  in 0.000 seconds - new frequency is -100
Cbc0014I Cut generator 4 (MixedIntegerRounding2) - 0 row cuts average 0.0 elements, 0 column cuts (0 active)  in 0.010 seconds - new frequency is -100
Cbc0014I Cut generator 5 (FlowCover) - 0 row cuts average 0.0 elements, 0 column cuts (0 active)  in 0.004 seconds - new frequency is -100
Cbc0014I Cut generator 6 (TwoMirCuts) - 200 row cuts average 366.3 elements, 0 column cuts (0 active)  in 0.028 seconds - new frequency is -100
Cbc0010I After 0 nodes, 1 on tree, 7 best solution, best possible 5.5049643 (0.53 seconds)
Cbc0001I Search completed - best objective 7, took 1001 iterations and 16 nodes (0.61 seconds)
Cbc0032I Strong branching done 380 times (7677 iterations), fathomed 5 nodes and fixed 1 variables
Cbc0035I Maximum depth 5, 1045 variables fixed on reduced cost
Cuts at root node changed objective from 5.1782 to 5.50496
Probing was tried 9 times and created 0 cuts of which 0 were active after adding rounds of cuts (0.003 seconds)
Gomory was tried 9 times and created 0 cuts of which 0 were active after adding rounds of cuts (0.007 seconds)
Knapsack was tried 9 times and created 0 cuts of which 0 were active after adding rounds of cuts (0.001 seconds)
Clique was tried 9 times and created 0 cuts of which 0 were active after adding rounds of cuts (0.000 seconds)
MixedIntegerRounding2 was tried 9 times and created 0 cuts of which 0 were active after adding rounds of cuts (0.010 seconds)
FlowCover was tried 9 times and created 0 cuts of which 0 were active after adding rounds of cuts (0.004 seconds)
TwoMirCuts was tried 9 times and created 200 cuts of which 0 were active after adding rounds of cuts (0.028 seconds)
ZeroHalf was tried 1 times and created 0 cuts of which 0 were active after adding rounds of cuts (0.002 seconds)

Result - Optimal solution found

Objective value:                7.00000000
Enumerated nodes:               16
Total iterations:               1001
Time (CPU seconds):             0.62
Time (Wallclock seconds):       0.35

Total time (CPU seconds):       0.89   (Wallclock seconds):       0.42

